// Jest Snapshot v1, https://goo.gl/fbAQLP

exports[`should render ExpenseList with expenses 1`] = `
<div>
  <h1>
    Expense List
  </h1>
  <ExpenseListItem
    amount={5}
    createdAt={0}
    description="hiya"
    id="1"
    key="1"
    note="yeah"
  />
  <ExpenseListItem
    amount={55}
    createdAt={-172800000}
    description="Quito"
    id="2"
    key="2"
    note="Ec"
  />
  <ExpenseListItem
    amount={100}
    createdAt={172800000}
    description="Otavalo"
    id="3"
    key="3"
    note="Ecuador"
  />
</div>
`;

exports[`should render ExpenseList with zero expenses 1`] = `
<div>
  <h1>
    Expense List
  </h1>
  <p>
    No expenses
  </p>
</div>
`;
